<html>
<body>
<pre>
<h1>�Vision Build Log</h1>
<h2>Tool Versions:</h2>
IDE-Version: ��Vision V5.33.0.0
Copyright (C) 2020 ARM Ltd and ARM Germany GmbH. All rights reserved.
License Information: 1 33161, 1, LIC=QF82M-X10RY-RAVDM-XVISS-21WVS-F9PYL
 
Tool Versions:
Toolchain:       MDK-ARM Plus  Version: 5.33.0.0
Toolchain Path:  D:\Keil_v5\ARM\ARMCLANG\Bin
C Compiler:      ArmClang.exe V6.15
Assembler:       Armasm.exe V6.15
Linker/Locator:  ArmLink.exe V6.15
Library Manager: ArmAr.exe V6.15
Hex Converter:   FromElf.exe V6.15
CPU DLL:         SARMCM3.DLL V5.33.0.0
Dialog DLL:      DCM.DLL V1.17.3.0
Target DLL:      CMSIS_AGDI.dll V1.32.12.0
Dialog DLL:      TCM.DLL V1.48.0.0
 
<h2>Project:</h2>
D:\STM32\STM32F103RCT6\Basics\KEY���\Project\Project.uvprojx
Project File Date:  04/20/2025

<h2>Output:</h2>
*** Using Compiler 'V6.15', folder: 'D:\Keil_v5\ARM\ARMCLANG\Bin'
Build target 'Target 1'
../User/main.c(31): warning: passing 'char [5]' to parameter of type 'uint8_t *' (aka 'unsigned char *') converts between pointers to integer types with different sign [-Wpointer-sign]
  LCD_ShowString(0, 0, "TEST");
                       ^~~~~~
../User/LCD/lcd.h(76): note: passing argument to parameter 'String' here
void LCD_ShowString(uint16_t x, uint16_t y, uint8_t *String);
                                                     ^
../User/main.c(33): warning: passing 'char [13]' to parameter of type 'uint8_t *' (aka 'unsigned char *') converts between pointers to integer types with different sign [-Wpointer-sign]
  LCD_ShowChinese(60, 0, "中文测试");
                         ^~~~~~~~~~
../User/LCD/lcd.h(78): note: passing argument to parameter 'text' here
void LCD_ShowChinese(uint16_t x, uint16_t y, uint8_t *text);
                                                      ^
../User/main.c(39): warning: passing 'char [5]' to parameter of type 'uint8_t *' (aka 'unsigned char *') converts between pointers to integer types with different sign [-Wpointer-sign]
  LCD_ShowString(0, 30, "TEST");
                        ^~~~~~
../User/LCD/lcd.h(76): note: passing argument to parameter 'String' here
void LCD_ShowString(uint16_t x, uint16_t y, uint8_t *String);
                                                     ^
../User/main.c(41): warning: passing 'char [13]' to parameter of type 'uint8_t *' (aka 'unsigned char *') converts between pointers to integer types with different sign [-Wpointer-sign]
  LCD_ShowChinese(90, 30, "中文测试");
                          ^~~~~~~~~~
../User/LCD/lcd.h(78): note: passing argument to parameter 'text' here
void LCD_ShowChinese(uint16_t x, uint16_t y, uint8_t *text);
                                                      ^
../User/main.c(46): warning: passing 'char [5]' to parameter of type 'uint8_t *' (aka 'unsigned char *') converts between pointers to integer types with different sign [-Wpointer-sign]
  LCD_ShowString(0, 60, "TEST");
                        ^~~~~~
../User/LCD/lcd.h(76): note: passing argument to parameter 'String' here
void LCD_ShowString(uint16_t x, uint16_t y, uint8_t *String);
                                                     ^
../User/main.c(48): warning: passing 'char [13]' to parameter of type 'uint8_t *' (aka 'unsigned char *') converts between pointers to integer types with different sign [-Wpointer-sign]
  LCD_ShowChinese(50, 60, "中文测试");   
                          ^~~~~~~~~~
../User/LCD/lcd.h(78): note: passing argument to parameter 'text' here
void LCD_ShowChinese(uint16_t x, uint16_t y, uint8_t *text);
                                                      ^
6 warnings generated.
compiling main.c...
linking...
Program Size: Code=8304 RO-data=8112 RW-data=20 ZI-data=1044  
".\Objects\Project.axf" - 0 Error(s), 6 Warning(s).

<h2>Software Packages used:</h2>

Package Vendor: ARM
                http://www.keil.com/pack/ARM.CMSIS.5.7.0.pack
                ARM.CMSIS.5.7.0
                CMSIS (Cortex Microcontroller Software Interface Standard)
   * Component: CORE Version: 5.4.0

Package Vendor: Keil
                http://www.keil.com/pack/Keil.STM32F1xx_DFP.1.1.0.pack
                Keil.STM32F1xx_DFP.1.1.0
                STMicroelectronics STM32F1 Series Device Support, Drivers and Examples

<h2>Collection of Component include folders:</h2>
  .\RTE\_Target_1
  D:\Keil_v5\Pack\ARM\CMSIS\5.7.0\CMSIS\Core\Include
  D:\Keil_v5\Pack\Keil\STM32F1xx_DFP\1.1.0\Device\Include

<h2>Collection of Component Files used:</h2>

   * Component: ARM::CMSIS:CORE:5.4.0
Build Time Elapsed:  00:00:00
</pre>
</body>
</html>
